<html>
<body>
<pre>
<h1>礦ision Build Log</h1>
<h2>Tool Versions:</h2>
IDE-Version: μVision V5.14.0.0
Copyright (C) 2015 ARM Ltd and ARM Germany GmbH. All rights reserved.
License Information: fdgdfg Microsoft, Microsoft, LIC=1WSEV-PYMTD-ZD0K6-DKBWK-3ETBF-3DHII
 
Tool Versions:
Toolchain:       MDK-ARM Professional  Version: 5.14.0.0
Toolchain Path:  D:\ARM\ARMCC\Bin
C Compiler:      Armcc.exe V5.05 update 1 (build 106)
Assembler:       Armasm.exe V5.05 update 1 (build 106)
Linker/Locator:  ArmLink.exe V5.05 update 1 (build 106)
Library Manager: ArmAr.exe V5.05 update 1 (build 106)
Hex Converter:   FromElf.exe V5.05 update 1 (build 106)
CPU DLL:         SARMCM3.DLL V5.14.0.0
Dialog DLL:      DARMSTM.DLL V1.65.0.0
Target DLL:      Segger\JL2CM3.dll V2.99.13.0
Dialog DLL:      TARMSTM.DLL V1.64.0.0
 
<h2>Project:</h2>
E:\我的程序\STM32\201510-\倒立摆\倒立摆（循环起摆）\倒立摆\USER\BEEP.uvprojx
Project File Date:  01/08/2016

<h2>Output:</h2>
Build target 'BEEP'
compiling main.c...
main.c(53): warning:  #177-D: variable "buff" was declared but never referenced
        char buff[4];
main.c: 1 warning, 0 errors
linking...
Program Size: Code=12176 RO-data=336 RW-data=540 ZI-data=1652  
FromELF: creating hex file...
"..\OBJ\BEEP.axf" - 0 Error(s), 1 Warning(s).

<h2>Collection of Component include folders:</h2>
  E:\我的程序\STM32\201510-\倒立摆\倒立摆（循环起摆）\倒立摆\USER\RTE
  D:\ARM\PACK\Keil\STM32F1xx_DFP\2.0.0

<h2>Collection of Component Files used:</h2>
</pre>
</body>
</html>
